Validating src/test/resources/testerror.hl7
File                             Vax_Event_Id     Line   Level  Field                    Error  Description
src/test/resources/testerror.hl7 DATA001***ip_dob 1      ERROR  recip_dob                REQD001 recip_dob is required for Vaccination events
src/test/resources/testerror.hl7 DATA001***ip_dob 1      ERROR  cvx                      REQD001 cvx is required for Vaccination events
src/test/resources/testerror.hl7 DATA001***ip_dob 1      ERROR  dose_num                 REQD001 dose_num is required for Vaccination events
src/test/resources/testerror.hl7 DATA001***ip_dob 1      ERROR  vax_series_complete      REQD001 vax_series_complete is required for Vaccination events
src/test/resources/testerror.hl7 DATA001***ip_dob 1      ERROR  admin_type               DATA007 admin_type (CL) is not in value set DCHTYPE2[1, 2 ... 28, UNK]
src/test/resources/testerror.hl7 DATA001***ip_dob 1      ERROR  recip_address_county     BUSR001 recip_address_county (49053) does not match recip_address_state (MI) for Recipient
src/test/resources/testerror.hl7 DATA001***ip_dob 1      ERROR  recip_dob                BUSR005 recip_dob () is after admin_date (2020-10-04)
src/test/resources/testerror.hl7 DATA001***date_1 2      ERROR  admin_date               REQD001 admin_date is required for Vaccination events
src/test/resources/testerror.hl7 DATA001***date_1 2      ERROR  cvx                      REQD001 cvx is required for Vaccination events
src/test/resources/testerror.hl7 DATA001***date_1 2      ERROR  dose_num                 REQD001 dose_num is required for Vaccination events
src/test/resources/testerror.hl7 DATA001***date_1 2      ERROR  vax_series_complete      REQD001 vax_series_complete is required for Vaccination events
src/test/resources/testerror.hl7 DATA001***date_1 2      ERROR  admin_type               DATA007 admin_type (PH) is not in value set DCHTYPE2[1, 2 ... 28, UNK]
src/test/resources/testerror.hl7 DATA001***date_1 2      ERROR  recip_address_county     BUSR001 recip_address_county (49053) does not match recip_address_state (MI) for Recipient
src/test/resources/testerror.hl7 DATA001***date_1 2      ERROR  recip_dob                BUSR005 recip_dob (2015-08-26) is after admin_date ()
src/test/resources/testerror.hl7 DATA001***date_2 3      ERROR  admin_date               DATA001 admin_date (2020-10) contains an invalid date, should match yyyy-MM-dd
src/test/resources/testerror.hl7 DATA001***date_2 3      ERROR  admin_type               DATA007 admin_type (PO) is not in value set DCHTYPE2[1, 2 ... 28, UNK]
src/test/resources/testerror.hl7 DATA001***date_2 3      ERROR  recip_address_county     BUSR001 recip_address_county (49053) does not match recip_address_state (MI) for Recipient
src/test/resources/testerror.hl7 DATA001***date_2 3      ERROR  admin_address_county     BUSR002 admin_address_county (49053) does not match admin_address_state (MI) for Vaccine Administrator
src/test/resources/testerror.hl7 DATA006***s_city 4      ERROR  recip_address_city       DATA006 recip_address_city (Not redacted) should contain value Redacted
src/test/resources/testerror.hl7 DATA006***s_city 4      ERROR  admin_type               DATA007 admin_type (POD) is not in value set DCHTYPE2[1, 2 ... 28, UNK]
src/test/resources/testerror.hl7 DATA006***s_city 4      ERROR  recip_address_county     BUSR001 recip_address_county (49053) does not match recip_address_state (MI) for Recipient
src/test/resources/testerror.hl7 DATA005_ext_type 5      ERROR  ext_type                 DATA005 ext_type (Q) does not match the regular expression ^(D|P|I)$
src/test/resources/testerror.hl7 DATA005_ext_type 5      ERROR  cvx                      REQD001 cvx is required for Vaccination events
src/test/resources/testerror.hl7 DATA005_ext_type 5      ERROR  dose_num                 REQD001 dose_num is required for Vaccination events
src/test/resources/testerror.hl7 DATA005_ext_type 5      ERROR  vax_series_complete      REQD001 vax_series_complete is required for Vaccination events
src/test/resources/testerror.hl7 DATA005_ext_type 5      ERROR  admin_type               DATA007 admin_type (POD) is not in value set DCHTYPE2[1, 2 ... 28, UNK]
src/test/resources/testerror.hl7 DATA005_ext_type 5      ERROR  recip_address_county     BUSR001 recip_address_county (49053) does not match recip_address_state (MI) for Recipient
src/test/resources/testerror.hl7 DATA004_pprl_id  6      ERROR  pprl_id                  DATA004 pprl_id (Present) should not be present
src/test/resources/testerror.hl7 DATA004_pprl_id  6      ERROR  admin_type               DATA007 admin_type (PO) is not in value set DCHTYPE2[1, 2 ... 28, UNK]
src/test/resources/testerror.hl7 DATA004_pprl_id  6      ERROR  recip_address_county     BUSR001 recip_address_county (49053) does not match recip_address_state (MI) for Recipient
src/test/resources/testerror.hl7 DATA004_pprl_id  6      ERROR  admin_address_county     BUSR002 admin_address_county (49053) does not match admin_address_state (MI) for Vaccine Administrator
src/test/resources/testerror.hl7 DATA005***ss_zip 7      ERROR  recip_address_zip        DATA005 recip_address_zip (48504-) does not match the regular expression \d{5}(-\d{4})?
src/test/resources/testerror.hl7 DATA005***ss_zip 7      ERROR  admin_type               DATA007 admin_type (PH) is not in value set DCHTYPE2[1, 2 ... 28, UNK]
src/test/resources/testerror.hl7 DATA005***ss_zip 7      ERROR  recip_address_county     BUSR001 recip_address_county (49053) does not match recip_address_state (MI) for Recipient
src/test/resources/testerror.hl7 DATA006***t_name 8      ERROR  recip_first_name         DATA006 recip_first_name (NOT Redacted) should contain value Redacted
src/test/resources/testerror.hl7 DATA006***t_name 8      ERROR  admin_type               DATA007 admin_type (PH) is not in value set DCHTYPE2[1, 2 ... 28, UNK]
src/test/resources/testerror.hl7 DATA006***t_name 8      ERROR  recip_address_county     BUSR001 recip_address_county (49053) does not match recip_address_state (MI) for Recipient
src/test/resources/testerror.hl7 DATA007***ip_sex 9      ERROR  recip_sex                DATA007 recip_sex (UNK) is not in value set SEX[M, F, U]
src/test/resources/testerror.hl7 DATA007***ip_sex 9      ERROR  admin_type               DATA007 admin_type (CL) is not in value set DCHTYPE2[1, 2 ... 28, UNK]
src/test/resources/testerror.hl7 DATA007***ip_sex 9      ERROR  recip_address_county     BUSR001 recip_address_county (49053) does not match recip_address_state (MI) for Recipient
src/test/resources/testerror.hl7 DATA007_cvx      10     ERROR  cvx                      DATA007 cvx (XXX) is not in value set CVX[900, 901 ... 187, 188]
src/test/resources/testerror.hl7 DATA007_cvx      10     ERROR  admin_type               DATA007 admin_type (CL) is not in value set DCHTYPE2[1, 2 ... 28, UNK]
src/test/resources/testerror.hl7 DATA007_cvx      10     ERROR  recip_address_county     BUSR001 recip_address_county (49053) does not match recip_address_state (MI) for Recipient
src/test/resources/testerror.hl7 DATA008***Length 11     ERROR  mvx                      DATA008 mvx (3) exceeds maximum length AAAA
src/test/resources/testerror.hl7 DATA008***Length 11     ERROR  mvx                      DATA007 mvx (AAAA) is not in value set MVX[AAA, BBB ... WA, ZLB]
src/test/resources/testerror.hl7 BUSR001***county 12     ERROR  cvx                      REQD001 cvx is required for Vaccination events
src/test/resources/testerror.hl7 BUSR001***county 12     ERROR  dose_num                 REQD001 dose_num is required for Vaccination events
src/test/resources/testerror.hl7 BUSR001***county 12     ERROR  vax_series_complete      REQD001 vax_series_complete is required for Vaccination events
src/test/resources/testerror.hl7 BUSR001***county 12     ERROR  admin_type               DATA007 admin_type (PH) is not in value set DCHTYPE2[1, 2 ... 28, UNK]
src/test/resources/testerror.hl7 BUSR001***county 12     ERROR  recip_address_county     BUSR001 recip_address_county (49053) does not match recip_address_state (MI) for Recipient
src/test/resources/testerror.hl7 BUSR002***county 13     ERROR  admin_type               DATA007 admin_type (PO) is not in value set DCHTYPE2[1, 2 ... 28, UNK]
src/test/resources/testerror.hl7 BUSR002***county 13     ERROR  admin_address_county     BUSR002 admin_address_county (49053) does not match admin_address_state (MI) for Vaccine Administrator
src/test/resources/testerror.hl7 BUSR003***ss_zip 14     ERROR  recip_address_zip        DATA005 recip_address_zip (1529) does not match the regular expression \d{5}(-\d{4})?
src/test/resources/testerror.hl7 BUSR003***ss_zip 14     ERROR  cvx                      REQD001 cvx is required for Vaccination events
src/test/resources/testerror.hl7 BUSR003***ss_zip 14     ERROR  dose_num                 REQD001 dose_num is required for Vaccination events
src/test/resources/testerror.hl7 BUSR003***ss_zip 14     ERROR  vax_series_complete      REQD001 vax_series_complete is required for Vaccination events
src/test/resources/testerror.hl7 BUSR003***ss_zip 14     ERROR  admin_type               DATA007 admin_type (CL) is not in value set DCHTYPE2[1, 2 ... 28, UNK]
src/test/resources/testerror.hl7 BUSR003***ss_zip 14     ERROR  admin_address_zip        DATA005 admin_address_zip (1529) does not match the regular expression ^(\d{5}(-\d{4})?)?$
src/test/resources/testerror.hl7 BUSR003***ss_zip 14     ERROR  recip_address_zip        BUSR003 recip_address_zip (1529) does not match recip_address_state (MI) for Recipient
src/test/resources/testerror.hl7 BUSR003***ss_zip 14     ERROR  admin_address_zip        BUSR004 admin_address_zip (1529) does not match admin_address_state (MI) for Vaccine Administrator
src/test/resources/testerror.hl7 BUSR004***ss_zip 15     ERROR  recip_address_zip        DATA005 recip_address_zip (1529) does not match the regular expression \d{5}(-\d{4})?
src/test/resources/testerror.hl7 BUSR004***ss_zip 15     ERROR  admin_type               DATA007 admin_type (PO) is not in value set DCHTYPE2[1, 2 ... 28, UNK]
src/test/resources/testerror.hl7 BUSR004***ss_zip 15     ERROR  admin_address_zip        DATA005 admin_address_zip (1529) does not match the regular expression ^(\d{5}(-\d{4})?)?$
src/test/resources/testerror.hl7 BUSR004***ss_zip 15     ERROR  recip_address_zip        BUSR003 recip_address_zip (1529) does not match recip_address_state (MI) for Recipient
src/test/resources/testerror.hl7 BUSR004***ss_zip 15     ERROR  admin_address_zip        BUSR004 admin_address_zip (1529) does not match admin_address_state (MI) for Vaccine Administrator
src/test/resources/testerror.hl7 BUSR005***n_date 16     ERROR  admin_type               DATA007 admin_type (POD) is not in value set DCHTYPE2[1, 2 ... 28, UNK]
src/test/resources/testerror.hl7 BUSR005***n_date 16     ERROR  recip_dob                BUSR005 recip_dob (2020-11-01) is after admin_date (2020-10-04)
src/test/resources/testerror.hl7 BUSR007***_state 17     ERROR  admin_type               DATA007 admin_type (PH) is not in value set DCHTYPE2[1, 2 ... 28, UNK]
src/test/resources/testerror.hl7 BUSR007***_state 17     WARN   recip_address_zip        BUSR007 If recip_address_zip (48504) is present, recip_address_state () should be present for Recipient
src/test/resources/testerror.hl7 BUSR008***_state 18     ERROR  admin_type               DATA007 admin_type (CL) is not in value set DCHTYPE2[1, 2 ... 28, UNK]
src/test/resources/testerror.hl7 BUSR008***_state 18     WARN   admin_address_zip        BUSR008 If admin_address_zip (49053) is present, admin_address_state () should be present for Vaccine Administrator
src/test/resources/testerror.hl7 BUSR009***county 19     ERROR  admin_type               DATA007 admin_type (CL) is not in value set DCHTYPE2[1, 2 ... 28, UNK]
src/test/resources/testerror.hl7 BUSR009***county 19     WARN   recip_address_zip        BUSR009 If recip_address_zip (49964) is present, recip_address_county () should be present for Recipient
src/test/resources/testerror.hl7 BUSR009***county 19     WARN   admin_address_zip        BUSR010 If admin_address_zip (49053) is present, admin_address_county () should be present for Vaccine Administrator
src/test/resources/testerror.hl7 BUSR010***county 20     ERROR  admin_type               DATA007 admin_type (CL) is not in value set DCHTYPE2[1, 2 ... 28, UNK]
src/test/resources/testerror.hl7 BUSR010***county 20     WARN   admin_address_zip        BUSR010 If admin_address_zip (49053) is present, admin_address_county () should be present for Vaccine Administrator
src/test/resources/testerror.hl7 BUSR011***future 21     ERROR  admin_type               DATA007 admin_type (POD) is not in value set DCHTYPE2[1, 2 ... 28, UNK]
src/test/resources/testerror.hl7 BUSR011***future 21     ERROR  recip_dob                BUSR005 recip_dob (2032-11-01) is after admin_date (2022-10-04)
src/test/resources/testerror.hl7 BUSR011***future 21     ERROR  recip_dob                BUSR011 If recip_dob (2032-11-01) is present it should be less than tomorrow (2020-11-08)
src/test/resources/testerror.hl7 BUSR011***future 21     ERROR  admin_date               BUSR012 If admin_date (2022-10-04) is present it should less than tomorrow (2020-11-08)
src/test/resources/testerror.hl7 BUSR012***future 22     ERROR  admin_type               DATA007 admin_type (POD) is not in value set DCHTYPE2[1, 2 ... 28, UNK]
src/test/resources/testerror.hl7 BUSR012***future 22     ERROR  admin_date               BUSR012 If admin_date (2032-10-04) is present it should less than tomorrow (2020-11-08)
src/test/resources/testerror.hl7 BUSR013***nodups 23     ERROR  admin_type               DATA007 admin_type (POD) is not in value set DCHTYPE2[1, 2 ... 28, UNK]
src/test/resources/testerror.hl7 BUSR013***nodups 23     ERROR  admin_date               BUSR012 If admin_date (2032-10-04) is present it should less than tomorrow (2020-11-08)
src/test/resources/testerror.hl7 DNTS002_ndc      24     ERROR  ndc                      DNTS002 ndc (80777-9999-00) should not be present for Refusal events
src/test/resources/testerror.hl7 DNTS002_ndc      24     ERROR  mvx                      DNTS002 mvx (AAA) should not be present for Refusal events
src/test/resources/testerror.hl7 DNTS002_ndc      24     ERROR  lot_number               DNTS002 lot_number (M9999-05) should not be present for Refusal events
src/test/resources/testerror.hl7 DNTS002_ndc      24     ERROR  vax_expiration           DNTS002 vax_expiration (2020-11-01) should not be present for Refusal events
src/test/resources/testerror.hl7 DNTS002_ndc      24     ERROR  vax_admin_site           DNTS002 vax_admin_site (RVL) should not be present for Refusal events
src/test/resources/testerror.hl7 DNTS002_ndc      24     ERROR  vax_route                DNTS002 vax_route (C38276) should not be present for Refusal events
src/test/resources/testerror.hl7 DNTS002_ndc      24     ERROR  dose_num                 DNTS002 dose_num (1) should not be present for Refusal events
src/test/resources/testerror.hl7 DNTS002_ndc      24     ERROR  vax_series_complete      DNTS002 vax_series_complete (No) should not be present for Refusal events
src/test/resources/testerror.hl7 DNTS002_ndc      24     ERROR  vax_prov_suffix          DNTS002 vax_prov_suffix (OTH) should not be present for Refusal events
src/test/resources/testerror.hl7 DNTS002_mvx      25     ERROR  ndc                      DNTS002 ndc (80777-9999-00) should not be present for Refusal events
src/test/resources/testerror.hl7 DNTS002_mvx      25     ERROR  mvx                      DNTS002 mvx (AAA) should not be present for Refusal events
src/test/resources/testerror.hl7 DNTS002_mvx      25     ERROR  lot_number               DNTS002 lot_number (M9999-05) should not be present for Refusal events
src/test/resources/testerror.hl7 DNTS002_mvx      25     ERROR  vax_expiration           DNTS002 vax_expiration (2020-11-01) should not be present for Refusal events
src/test/resources/testerror.hl7 DNTS002_mvx      25     ERROR  vax_admin_site           DNTS002 vax_admin_site (RVL) should not be present for Refusal events
src/test/resources/testerror.hl7 DNTS002_mvx      25     ERROR  vax_route                DNTS002 vax_route (C38276) should not be present for Refusal events
src/test/resources/testerror.hl7 DNTS002_mvx      25     ERROR  dose_num                 DNTS002 dose_num (1) should not be present for Refusal events
src/test/resources/testerror.hl7 DNTS002_mvx      25     ERROR  vax_series_complete      DNTS002 vax_series_complete (No) should not be present for Refusal events
src/test/resources/testerror.hl7 DNTS002_mvx      25     ERROR  vax_prov_suffix          DNTS002 vax_prov_suffix (OTH) should not be present for Refusal events
src/test/resources/testerror.hl7 DNTS002***number 26     ERROR  ndc                      DNTS002 ndc (80777-9999-00) should not be present for Refusal events
src/test/resources/testerror.hl7 DNTS002***number 26     ERROR  mvx                      DNTS002 mvx (AAA) should not be present for Refusal events
src/test/resources/testerror.hl7 DNTS002***number 26     ERROR  lot_number               DNTS002 lot_number (M9999-05) should not be present for Refusal events
src/test/resources/testerror.hl7 DNTS002***number 26     ERROR  vax_expiration           DNTS002 vax_expiration (2020-11-01) should not be present for Refusal events
src/test/resources/testerror.hl7 DNTS002***number 26     ERROR  vax_admin_site           DNTS002 vax_admin_site (RVL) should not be present for Refusal events
src/test/resources/testerror.hl7 DNTS002***number 26     ERROR  vax_route                DNTS002 vax_route (C38276) should not be present for Refusal events
src/test/resources/testerror.hl7 DNTS002***number 26     ERROR  dose_num                 DNTS002 dose_num (1) should not be present for Refusal events
src/test/resources/testerror.hl7 DNTS002***number 26     ERROR  vax_series_complete      DNTS002 vax_series_complete (No) should not be present for Refusal events
src/test/resources/testerror.hl7 DNTS002***number 26     ERROR  vax_prov_suffix          DNTS002 vax_prov_suffix (OTH) should not be present for Refusal events
src/test/resources/testerror.hl7 DNTS002***ration 27     ERROR  ndc                      DNTS002 ndc (80777-9999-00) should not be present for Refusal events
src/test/resources/testerror.hl7 DNTS002***ration 27     ERROR  mvx                      DNTS002 mvx (AAA) should not be present for Refusal events
src/test/resources/testerror.hl7 DNTS002***ration 27     ERROR  lot_number               DNTS002 lot_number (M9999-05) should not be present for Refusal events
src/test/resources/testerror.hl7 DNTS002***ration 27     ERROR  vax_expiration           DNTS002 vax_expiration (2020-11-01) should not be present for Refusal events
src/test/resources/testerror.hl7 DNTS002***ration 27     ERROR  vax_admin_site           DNTS002 vax_admin_site (RVL) should not be present for Refusal events
src/test/resources/testerror.hl7 DNTS002***ration 27     ERROR  vax_route                DNTS002 vax_route (C38276) should not be present for Refusal events
src/test/resources/testerror.hl7 DNTS002***ration 27     ERROR  dose_num                 DNTS002 dose_num (1) should not be present for Refusal events
src/test/resources/testerror.hl7 DNTS002***ration 27     ERROR  vax_series_complete      DNTS002 vax_series_complete (No) should not be present for Refusal events
src/test/resources/testerror.hl7 DNTS002***ration 27     ERROR  vax_prov_suffix          DNTS002 vax_prov_suffix (OTH) should not be present for Refusal events
src/test/resources/testerror.hl7 DNTS002***n_site 28     ERROR  ndc                      DNTS002 ndc (80777-9999-00) should not be present for Refusal events
src/test/resources/testerror.hl7 DNTS002***n_site 28     ERROR  mvx                      DNTS002 mvx (AAA) should not be present for Refusal events
src/test/resources/testerror.hl7 DNTS002***n_site 28     ERROR  lot_number               DNTS002 lot_number (M9999-05) should not be present for Refusal events
src/test/resources/testerror.hl7 DNTS002***n_site 28     ERROR  vax_expiration           DNTS002 vax_expiration (2020-11-01) should not be present for Refusal events
src/test/resources/testerror.hl7 DNTS002***n_site 28     ERROR  vax_admin_site           DNTS002 vax_admin_site (RVL) should not be present for Refusal events
src/test/resources/testerror.hl7 DNTS002***n_site 28     ERROR  vax_route                DNTS002 vax_route (C38276) should not be present for Refusal events
src/test/resources/testerror.hl7 DNTS002***n_site 28     ERROR  dose_num                 DNTS002 dose_num (1) should not be present for Refusal events
src/test/resources/testerror.hl7 DNTS002***n_site 28     ERROR  vax_series_complete      DNTS002 vax_series_complete (No) should not be present for Refusal events
src/test/resources/testerror.hl7 DNTS002***n_site 28     ERROR  vax_prov_suffix          DNTS002 vax_prov_suffix (OTH) should not be present for Refusal events
src/test/resources/testerror.hl7 DNTS002***_route 29     ERROR  ndc                      DNTS002 ndc (80777-9999-00) should not be present for Refusal events
src/test/resources/testerror.hl7 DNTS002***_route 29     ERROR  mvx                      DNTS002 mvx (AAA) should not be present for Refusal events
src/test/resources/testerror.hl7 DNTS002***_route 29     ERROR  lot_number               DNTS002 lot_number (M9999-05) should not be present for Refusal events
src/test/resources/testerror.hl7 DNTS002***_route 29     ERROR  vax_expiration           DNTS002 vax_expiration (2020-11-01) should not be present for Refusal events
src/test/resources/testerror.hl7 DNTS002***_route 29     ERROR  vax_admin_site           DNTS002 vax_admin_site (RVL) should not be present for Refusal events
src/test/resources/testerror.hl7 DNTS002***_route 29     ERROR  vax_route                DNTS002 vax_route (C38276) should not be present for Refusal events
src/test/resources/testerror.hl7 DNTS002***_route 29     ERROR  dose_num                 DNTS002 dose_num (1) should not be present for Refusal events
src/test/resources/testerror.hl7 DNTS002***_route 29     ERROR  vax_series_complete      DNTS002 vax_series_complete (No) should not be present for Refusal events
src/test/resources/testerror.hl7 DNTS002***_route 29     ERROR  vax_prov_suffix          DNTS002 vax_prov_suffix (OTH) should not be present for Refusal events
src/test/resources/testerror.hl7 DNTS002_dose_num 30     ERROR  ndc                      DNTS002 ndc (80777-9999-00) should not be present for Refusal events
src/test/resources/testerror.hl7 DNTS002_dose_num 30     ERROR  mvx                      DNTS002 mvx (AAA) should not be present for Refusal events
src/test/resources/testerror.hl7 DNTS002_dose_num 30     ERROR  lot_number               DNTS002 lot_number (M9999-05) should not be present for Refusal events
src/test/resources/testerror.hl7 DNTS002_dose_num 30     ERROR  vax_expiration           DNTS002 vax_expiration (2020-11-01) should not be present for Refusal events
src/test/resources/testerror.hl7 DNTS002_dose_num 30     ERROR  vax_admin_site           DNTS002 vax_admin_site (RVL) should not be present for Refusal events
src/test/resources/testerror.hl7 DNTS002_dose_num 30     ERROR  vax_route                DNTS002 vax_route (C38276) should not be present for Refusal events
src/test/resources/testerror.hl7 DNTS002_dose_num 30     ERROR  dose_num                 DNTS002 dose_num (1) should not be present for Refusal events
src/test/resources/testerror.hl7 DNTS002_dose_num 30     ERROR  vax_series_complete      DNTS002 vax_series_complete (No) should not be present for Refusal events
src/test/resources/testerror.hl7 DNTS002_dose_num 30     ERROR  vax_prov_suffix          DNTS002 vax_prov_suffix (OTH) should not be present for Refusal events
src/test/resources/testerror.hl7 DNTS002***mplete 31     ERROR  ndc                      DNTS002 ndc (80777-9999-00) should not be present for Refusal events
src/test/resources/testerror.hl7 DNTS002***mplete 31     ERROR  mvx                      DNTS002 mvx (AAA) should not be present for Refusal events
src/test/resources/testerror.hl7 DNTS002***mplete 31     ERROR  lot_number               DNTS002 lot_number (M9999-05) should not be present for Refusal events
src/test/resources/testerror.hl7 DNTS002***mplete 31     ERROR  vax_expiration           DNTS002 vax_expiration (2020-11-01) should not be present for Refusal events
src/test/resources/testerror.hl7 DNTS002***mplete 31     ERROR  vax_admin_site           DNTS002 vax_admin_site (RVL) should not be present for Refusal events
src/test/resources/testerror.hl7 DNTS002***mplete 31     ERROR  vax_route                DNTS002 vax_route (C38276) should not be present for Refusal events
src/test/resources/testerror.hl7 DNTS002***mplete 31     ERROR  dose_num                 DNTS002 dose_num (1) should not be present for Refusal events
src/test/resources/testerror.hl7 DNTS002***mplete 31     ERROR  vax_series_complete      DNTS002 vax_series_complete (No) should not be present for Refusal events
src/test/resources/testerror.hl7 DNTS002***mplete 31     ERROR  vax_prov_suffix          DNTS002 vax_prov_suffix (OTH) should not be present for Refusal events
src/test/resources/testerror.hl7 DATA006***issing 32     ERROR  recip_first_name         DATA006 recip_first_name () should contain value Redacted
src/test/resources/testerror.hl7 DATA006***issing 32     ERROR  cvx                      REQD001 cvx is required for Vaccination events
src/test/resources/testerror.hl7 DATA006***issing 32     ERROR  dose_num                 REQD001 dose_num is required for Vaccination events
src/test/resources/testerror.hl7 DATA006***issing 32     ERROR  vax_series_complete      REQD001 vax_series_complete is required for Vaccination events
src/test/resources/testerror.hl7 DATA006***issing 33     ERROR  recip_middle_name        DATA006 recip_middle_name () should contain value Redacted
src/test/resources/testerror.hl7 DATA006***issing 34     ERROR  recip_last_name          DATA006 recip_last_name () should contain value Redacted
src/test/resources/testerror.hl7 REQD001***issing 35     ERROR  recip_dob                REQD001 recip_dob is required for Vaccination events
src/test/resources/testerror.hl7 REQD001***issing 35     ERROR  recip_dob                BUSR005 recip_dob () is after admin_date (2020-09-06)
src/test/resources/testerror.hl7 REQD001***issing 36     ERROR  recip_sex                REQD001 recip_sex is required for Vaccination events
src/test/resources/testerror.hl7 DATA006***issing 37     ERROR  recip_address_street     DATA006 recip_address_street () should contain value Redacted
src/test/resources/testerror.hl7 DATA006***issing 38     ERROR  recip_address_street_2   DATA006 recip_address_street_2 () should contain value Redacted
src/test/resources/testerror.hl7 DATA006***issing 39     ERROR  recip_address_city       DATA006 recip_address_city () should contain value Redacted
src/test/resources/testerror.hl7 REQD001***issing 40     ERROR  recip_race_1             REQD001 recip_race_1 is required for Vaccination events
src/test/resources/testerror.hl7 REQD001***issing 41     ERROR  recip_ethnicity          REQD001 recip_ethnicity is required for Vaccination events
src/test/resources/testerror.hl7 REQD001***issing 42     ERROR  admin_date               REQD001 admin_date is required for Vaccination events
src/test/resources/testerror.hl7 REQD001***issing 42     ERROR  recip_dob                BUSR005 recip_dob (2015-08-26) is after admin_date ()
src/test/resources/testerror.hl7 REQD001***issing 43     ERROR  cvx                      REQD001 cvx is required for Vaccination events
src/test/resources/testerror.hl7 REQD001***issing 44     ERROR  dose_num                 REQD001 dose_num is required for Vaccination events
src/test/resources/testerror.hl7 REQD001***issing 45     ERROR  vax_series_complete      REQD001 vax_series_complete is required for Vaccination events
src/test/resources/testerror.hl7 REQD001***issing 46     ERROR  admin_type               REQD001 admin_type is required for Vaccination events
src/test/resources/testerror.hl7 REQD001***issing 47     ERROR  responsible_org          REQD001 responsible_org is required for Vaccination events
src/test/resources/testerror.hl7 REQD001***issing 48     ERROR  admin_name               REQD001 admin_name is required for Vaccination events
src/test/resources/testerror.hl7 REQD001***issing 50     ERROR  cmorbid_status           REQD001 cmorbid_status is required for Vaccination events
src/test/resources/testerror.hl7 has 179 errors in 49 of 50 records.
Code    Count   Description
BUSR001    11   recip_address_county in recip_address_state FIPS
BUSR002     3   admin_address_county in admin_address_state FIPS
BUSR003     2   recip_address_zip in recip_address_state STATE
BUSR004     2   admin_address_zip in admin_address_state STATE
BUSR005     6   recip_dob < admin_date
BUSR007     1   recip_address_zip implies recip_address_state
BUSR008     1   admin_address_zip implies admin_address_state
BUSR009     1   recip_address_zip implies recip_address_county
BUSR010     2   admin_address_zip implies admin_address_county
BUSR011     1   recip_dob no_time_travel
BUSR012     3   admin_date no_time_travel
DATA001     1   Date is not correctly formatted
DATA004     1   Should not be present
DATA005     6   Does not match expected format
DATA006     8   Does not contain expected value: REDACTED
DATA007    25   Does not contain values from the expected value set
DATA008     1   Field exceeds maximum length
DNTS002    72   A field is present that should not be for Refusal
REQD001    32   A required field is missing for Vaccination
